no "source-map-support" (run "npm install source-map-support --save-dev" to get it)
SHADOW import error C:\Users\miket\code\re-frame2\ai\findings\Resources\astra\evidence\shadow-cache\builds\research-tests\dev\out\cljs-runtime\shadow.js.shim.module$react.js
C:\Users\miket\code\re-frame2\ai\findings\Resources\astra\evidence\research-tests.js:67
    throw e;
    ^

Error: Cannot find module 'react'
Require stack:
- C:\Users\miket\code\re-frame2\ai\findings\Resources\astra\evidence\research-tests.js
    at Module._resolveFilename (node:internal/modules/cjs/loader:1421:15)
    at defaultResolveImpl (node:internal/modules/cjs/loader:1059:19)
    at resolveForCJSWithHooks (node:internal/modules/cjs/loader:1064:22)
    at Module._load (node:internal/modules/cjs/loader:1227:37)
    at TracingChannel.traceSync (node:diagnostics_channel:328:14)
    at wrapModuleLoad (node:internal/modules/cjs/loader:245:24)
    at Module.require (node:internal/modules/cjs/loader:1504:12)
    at require (node:internal/modules/helpers:152:16)
    at C:\Users\miket\code\re-frame2\ai\findings\Resources\astra\evidence\shadow-cache\builds\research-tests\dev\out\cljs-runtime\shadow.js.shim.module$react.js:3:67
    at global.SHADOW_IMPORT (C:\Users\miket\code\re-frame2\ai\findings\Resources\astra\evidence\research-tests.js:64:44) {
  code: 'MODULE_NOT_FOUND',
  requireStack: [
    'C:\\Users\\miket\\code\\re-frame2\\ai\\findings\\Resources\\astra\\evidence\\research-tests.js'
  ]
}

Node.js v24.13.0
