TQ.0 version => {"@tanstack/query-core":"5.102.8"}
TQ.1 default options object (queries/mutations) as shipped => {}
TQ.2 first observer -> fetching; ledger => {"state":{"status":"pending","fetchStatus":"fetching","error":null,"updated":false},"ledger":[["GET","/api/articles/hello"]]}
TQ.3 reply -> success => {"status":"success","fetchStatus":"idle","data":{"article":{"slug":"hello","title":"Welcome","favorited":false,"favoritesCount":1}},"error":null,"updated":true}
TQ.4 DEFAULTS: second observer of the same key mounts -> refetch? (staleTime default 0) => {"ledger_count":2,"state":{"status":"success","fetchStatus":"fetching","data":{"article":{"slug":"hello","title":"Welcome","favorited":false,"favoritesCount":1}},"error":null,"updated":true}}
TQ.5 MATCHED POLICY: third observer with staleTime Infinity -> no refetch => {"ledger_count":2}
TQ.6 dedupe: two observers mount together while in flight -> one request => {"ledger":[["GET","/api/articles/hello"],["GET","/api/articles"]],"pending_list_requests":1}
TQ.7 refetch -> fetchStatus while in flight; data kept => {"state":{"status":"success","fetchStatus":"fetching","data":{"article":{"slug":"hello","title":"Welcome","favorited":false,"favoritesCount":1}},"error":null,"updated":true},"new_requests":1}
TQ.8 background refresh FAILS -> status / data kept? (TanStack sets status error but retains data; retry default is 3 for queries -> check ledger) => {"state":{"status":"error","fetchStatus":"idle","data":{"article":{"slug":"hello","title":"Welcome","favorited":false,"favoritesCount":1}},"error":"503","updated":true},"ledger_count":4,"pending_retries":0}
TQ.9 after retries exhausted => {"state":{"status":"error","fetchStatus":"idle","data":{"article":{"slug":"hello","title":"Welcome","favorited":false,"favoritesCount":1}},"error":"503","updated":true},"ledger_count":4}
TQ.10 refetch A then refetch B: requests issued; was A aborted (cancelRefetch default)? => {"new_requests":2,"A_aborted":true,"B_exists":true}
TQ.11 late/old reply then new reply -> data => {"after_A":"Welcome","final":"NEW"}
TQ.12 optimistic apply across article, list, feed; POST issued; three setQueryData calls hand-written => {"snap":{"article":{"slug":"hello","title":"Welcome","favorited":true,"favoritesCount":2},"list":[["hello",true,2],["second",false,0]],"feed":[["hello",true,2]]},"new_requests":[["POST","/api/articles/hello/favorite"]]}
TQ.13 success -> onSuccess set detail; onSettled invalidated article+list+feed -> active refetches issued => {"snap":{"article":{"slug":"hello","title":"Welcome","favorited":true,"favoritesCount":2},"list":[["hello",true,2],["second",false,0]],"feed":[["hello",true,2]]},"issued_after_reply":[["GET","/api/articles/hello"],["GET","/api/articles"],["GET","/api/articles/feed"]],"status":"fetching"}
TQ.14 failure -> onError restores context snapshot (then onSettled invalidates -> refetches) => {"after_apply":{"article":{"slug":"hello","title":"Welcome","favorited":false,"favoritesCount":1},"list":[["hello",false,1],["second",false,0]],"feed":[["hello",false,1],["second",false,0]]},"after_rollback":{"article":{"slug":"hello","title":"Welcome","favorited":true,"favoritesCount":2},"list":[["hello",true,2],["second",false,0]],"feed":[["hello",true,2],["second",false,0]]},"issued":[["GET","/api/articles/hello"],["GET","/api/articles"],["GET","/api/articles/feed"]]}
TQ.15 CONTESTED: after B ok (server truth true/2), A fails and restores ITS snapshot -> transient clobber? then onSettled refetch repairs => {"after_B_ok":{"article":{"slug":"hello","title":"Welcome","favorited":true,"favoritesCount":2},"list":[["hello",true,2],["second",false,0]],"feed":[["hello",true,2],["second",false,0]]},"after_A_fail_before_refetch":{"article":{"slug":"hello","title":"Welcome","favorited":true,"favoritesCount":2},"list":[["hello",true,2],["second",false,0]],"feed":[["hello",true,2],["second",false,0]]},"refetches_after_A":[["GET","/api/articles/hello"],["GET","/api/articles"],["GET","/api/articles/feed"]],"final_after_refetch":{"article":{"slug":"hello","title":"Welcome","favorited":true,"favoritesCount":2},"list":[["hello",true,2],["second",false,0]],"feed":[["hello",true,2],["second",false,0]]}}
TQ.16 mutation scope {id}: two mutations with one scope -> requests issued now (serialised = only the first) => {"issued":[["DELETE","/api/articles/hello/favorite"]],"s2_status":"pending","s1_status":"pending"}
TQ.17 after the first settles, the second starts => {"issued":[["DELETE","/api/articles/hello/favorite"],["POST","/api/articles/hello/favorite"]],"s2_status":"pending"}
TQ.18 FAULT CONTROL: wrong article served -> assertion on title => "FAULT-DETECTED"
TQ.19 gcTime on a query (default) => {}
TQ.20 final ledger => [["GET","/api/articles/hello"],["GET","/api/articles/hello"],["GET","/api/articles"],["GET","/api/articles/hello"],["GET","/api/articles/hello"],["GET","/api/articles/hello"],["GET","/api/articles/feed"],["POST","/api/articles/hello/favorite"],["GET","/api/articles/hello"],["GET","/api/articles"],["GET","/api/articles/feed"],["DELETE","/api/articles/hello/favorite"],["GET","/api/articles/hello"],["GET","/api/articles"],["GET","/api/articles/feed"],["DELETE","/api/articles/hello/favorite"],["POST","/api/articles/hello/favorite"],["GET","/api/articles/hello"],["GET","/api/articles"],["GET","/api/articles/feed"],["GET","/api/articles/hello"],["GET","/api/articles"],["GET","/api/articles/feed"],["DELETE","/api/articles/hello/favorite"],["POST","/api/articles/hello/favorite"],["GET","/api/articles/faulted"]]
DONE
